{
  "timestamp": "2026-06-22T09:30:02.512Z",
  "method": "POST",
  "url": "/api/sepay/webhook",
  "headers": {
    "host": "detrital-nadine-cubicly.ngrok-free.dev",
    "user-agent": "Mozilla/5.0 (Macintosh; Intel Mac OS X 10_15_7) AppleWebKit/537.36 (KHTML, like Gecko) Chrome/108.0.0.0 Safari/537.36",
    "content-length": "402",
    "accept": "*/*",
    "authorization": "Apikey BUSNET",
    "content-type": "application/json",
    "x-forwarded-for": "171.244.35.2",
    "x-forwarded-host": "detrital-nadine-cubicly.ngrok-free.dev",
    "x-forwarded-proto": "https",
    "accept-encoding": "gzip"
  },
  "body": {
    "gateway": "BIDV",
    "transactionDate": "2026-06-22 16:30:02",
    "accountNumber": "7411208853",
    "subAccount": "96247MF7XE",
    "code": null,
    "content": "BUSNET SUB 6a390078f65ee116a47d9558 FT26173237396906",
    "transferType": "in",
    "description": "BankAPINotify BUSNET SUB 6a390078f65ee116a47d9558 FT26173237396906",
    "transferAmount": 500000,
    "referenceCode": "ad1cf4b7-a92d-4a4a-b762-5abb0063a839",
    "accumulated": 0,
    "id": 64531705
  },
  "query": {}
}
---NEW_REQUEST---
{
  "timestamp": "2026-06-22T09:45:23.095Z",
  "method": "POST",
  "url": "/api/sepay/webhook",
  "headers": {
    "host": "detrital-nadine-cubicly.ngrok-free.dev",
    "user-agent": "Mozilla/5.0 (Macintosh; Intel Mac OS X 10_15_7) AppleWebKit/537.36 (KHTML, like Gecko) Chrome/108.0.0.0 Safari/537.36",
    "content-length": "401",
    "accept": "*/*",
    "authorization": "Apikey BUSNET",
    "content-type": "application/json",
    "x-forwarded-for": "2600:3c15::2000:8aff:fedd:874b",
    "x-forwarded-host": "detrital-nadine-cubicly.ngrok-free.dev",
    "x-forwarded-proto": "https",
    "accept-encoding": "gzip"
  },
  "body": {
    "gateway": "BIDV",
    "transactionDate": "2026-06-22 16:45:22",
    "accountNumber": "7411208853",
    "subAccount": "96247MF7XE",
    "code": null,
    "content": "BUSNET SUB 6a39041a789fa8cc40135d39 FT26173645037683",
    "transferType": "in",
    "description": "BankAPINotify BUSNET SUB 6a39041a789fa8cc40135d39 FT26173645037683",
    "transferAmount": 10000,
    "referenceCode": "16729b51-a61e-4da8-9439-ee1cbba5dc75",
    "accumulated": 0,
    "id": 64533988
  },
  "query": {}
}
---NEW_REQUEST---
{
  "timestamp": "2026-06-22T09:51:47.523Z",
  "method": "POST",
  "url": "/api/sepay/webhook",
  "headers": {
    "host": "detrital-nadine-cubicly.ngrok-free.dev",
    "user-agent": "PostmanRuntime/7.51.0",
    "content-length": "0",
    "accept": "*/*",
    "accept-encoding": "gzip, deflate, br",
    "postman-token": "9b782d11-b674-4e62-b638-f957b6995034",
    "x-forwarded-for": "14.183.74.225",
    "x-forwarded-host": "detrital-nadine-cubicly.ngrok-free.dev",
    "x-forwarded-proto": "https"
  },
  "query": {}
}
---NEW_REQUEST---
{
  "timestamp": "2026-06-22T09:52:48.230Z",
  "method": "POST",
  "url": "/api/sepay/webhook",
  "headers": {
    "host": "detrital-nadine-cubicly.ngrok-free.dev",
    "user-agent": "PostmanRuntime/7.51.0",
    "content-length": "0",
    "accept": "*/*",
    "accept-encoding": "gzip, deflate, br",
    "postman-token": "24f73fe6-d8df-489c-9133-b8f5b8024771",
    "x-forwarded-for": "14.183.74.225",
    "x-forwarded-host": "detrital-nadine-cubicly.ngrok-free.dev",
    "x-forwarded-proto": "https"
  },
  "query": {}
}
---NEW_REQUEST---
{
  "timestamp": "2026-06-22T09:56:25.555Z",
  "method": "POST",
  "url": "/api/sepay/webhook?Apikey=BUSNET",
  "headers": {
    "host": "detrital-nadine-cubicly.ngrok-free.dev",
    "user-agent": "PostmanRuntime/7.51.0",
    "content-length": "0",
    "accept": "*/*",
    "accept-encoding": "gzip, deflate, br",
    "postman-token": "a47327f1-0061-48ab-9aab-7dd6df7bba06",
    "x-forwarded-for": "27.75.141.166",
    "x-forwarded-host": "detrital-nadine-cubicly.ngrok-free.dev",
    "x-forwarded-proto": "https"
  },
  "query": {
    "Apikey": "BUSNET"
  }
}
---NEW_REQUEST---
{
  "timestamp": "2026-06-22T09:57:59.761Z",
  "method": "POST",
  "url": "/api/sepay/webhook",
  "headers": {
    "host": "detrital-nadine-cubicly.ngrok-free.dev",
    "user-agent": "PostmanRuntime/7.51.0",
    "content-length": "0",
    "accept": "*/*",
    "accept-encoding": "gzip, deflate, br",
    "apikey": "BUSNET",
    "postman-token": "7cd3b0dd-4a8a-4da3-b91f-2303ebcb2d0a",
    "x-forwarded-for": "113.22.10.134",
    "x-forwarded-host": "detrital-nadine-cubicly.ngrok-free.dev",
    "x-forwarded-proto": "https"
  },
  "query": {}
}
---NEW_REQUEST---
{
  "timestamp": "2026-06-22T09:58:38.443Z",
  "method": "POST",
  "url": "/api/sepay/webhook",
  "headers": {
    "host": "detrital-nadine-cubicly.ngrok-free.dev",
    "user-agent": "PostmanRuntime/7.51.0",
    "content-length": "302",
    "accept": "*/*",
    "accept-encoding": "gzip, deflate, br",
    "apikey": "BUSNET",
    "content-type": "text/plain",
    "postman-token": "0c57657e-85d8-4874-aaea-94b0219e8b49",
    "x-forwarded-for": "113.22.10.134",
    "x-forwarded-host": "detrital-nadine-cubicly.ngrok-free.dev",
    "x-forwarded-proto": "https"
  },
  "query": {}
}
---NEW_REQUEST---
{
  "timestamp": "2026-06-22T10:26:30.911Z",
  "method": "POST",
  "url": "/api/sepay/webhook",
  "headers": {
    "host": "detrital-nadine-cubicly.ngrok-free.dev",
    "user-agent": "Mozilla/5.0 (Macintosh; Intel Mac OS X 10_15_7) AppleWebKit/537.36 (KHTML, like Gecko) Chrome/108.0.0.0 Safari/537.36",
    "content-length": "400",
    "accept": "*/*",
    "authorization": "Apikey BUSNET",
    "content-type": "application/json",
    "x-forwarded-for": "171.244.35.2",
    "x-forwarded-host": "detrital-nadine-cubicly.ngrok-free.dev",
    "x-forwarded-proto": "https",
    "accept-encoding": "gzip"
  },
  "body": {
    "gateway": "BIDV",
    "transactionDate": "2026-06-22 17:26:30",
    "accountNumber": "7411208853",
    "subAccount": "96247MF7XE",
    "code": null,
    "content": "BUSNET SUB 6a390dbc8a72f3be2936458f FT26173035540001",
    "transferType": "in",
    "description": "BankAPINotify BUSNET SUB 6a390dbc8a72f3be2936458f FT26173035540001",
    "transferAmount": 5000,
    "referenceCode": "93f8858c-f00f-4112-a1a5-c9ac4b7fbea4",
    "accumulated": 0,
    "id": 64540603
  },
  "query": {}
}
---NEW_REQUEST---
{
  "timestamp": "2026-06-23T15:32:29.140Z",
  "method": "POST",
  "url": "/api/sepay/webhook",
  "headers": {
    "host": "detrital-nadine-cubicly.ngrok-free.dev",
    "user-agent": "Mozilla/5.0 (Macintosh; Intel Mac OS X 10_15_7) AppleWebKit/537.36 (KHTML, like Gecko) Chrome/108.0.0.0 Safari/537.36",
    "content-length": "367",
    "accept": "*/*",
    "authorization": "Apikey BUSNET",
    "content-type": "application/json",
    "x-forwarded-for": "2600:3c15::2000:8aff:fedd:874b",
    "x-forwarded-host": "detrital-nadine-cubicly.ngrok-free.dev",
    "x-forwarded-proto": "https",
    "accept-encoding": "gzip"
  },
  "body": {
    "gateway": "BIDV",
    "transactionDate": "2026-06-23 22:32:29",
    "accountNumber": "7411208853",
    "subAccount": "96247MF7XE",
    "code": null,
    "content": "BUSNET SUB 6a3aa6d8d8913ec276224f4e",
    "transferType": "in",
    "description": "BankAPINotify BUSNET SUB 6a3aa6d8d8913ec276224f4e",
    "transferAmount": 10000,
    "referenceCode": "68ea98a8-7f76-4da3-b0b3-7870e6169041",
    "accumulated": 0,
    "id": 64734579
  },
  "query": {}
}
---NEW_REQUEST---
{
  "timestamp": "2026-06-23T16:45:36.569Z",
  "method": "POST",
  "url": "/api/sepay/webhook",
  "headers": {
    "host": "detrital-nadine-cubicly.ngrok-free.dev",
    "user-agent": "Mozilla/5.0 (Macintosh; Intel Mac OS X 10_15_7) AppleWebKit/537.36 (KHTML, like Gecko) Chrome/108.0.0.0 Safari/537.36",
    "content-length": "367",
    "accept": "*/*",
    "authorization": "Apikey BUSNET",
    "content-type": "application/json",
    "x-forwarded-for": "171.244.35.2",
    "x-forwarded-host": "detrital-nadine-cubicly.ngrok-free.dev",
    "x-forwarded-proto": "https",
    "accept-encoding": "gzip"
  },
  "body": {
    "gateway": "BIDV",
    "transactionDate": "2026-06-23 23:45:35",
    "accountNumber": "7411208853",
    "subAccount": "96247MF7XE",
    "code": null,
    "content": "BUSNET SUB 6a3ab80e20f9f6e9f12b9939",
    "transferType": "in",
    "description": "BankAPINotify BUSNET SUB 6a3ab80e20f9f6e9f12b9939",
    "transferAmount": 10000,
    "referenceCode": "edc22cf9-94ad-46d3-aa47-01e70f480cae",
    "accumulated": 0,
    "id": 64740580
  },
  "query": {}
}
---NEW_REQUEST---
{
  "timestamp": "2026-06-24T06:06:38.422Z",
  "method": "POST",
  "url": "/api/sepay/webhook",
  "headers": {
    "host": "detrital-nadine-cubicly.ngrok-free.dev",
    "user-agent": "Mozilla/5.0 (Macintosh; Intel Mac OS X 10_15_7) AppleWebKit/537.36 (KHTML, like Gecko) Chrome/108.0.0.0 Safari/537.36",
    "content-length": "367",
    "accept": "*/*",
    "authorization": "Apikey BUSNET",
    "content-type": "application/json",
    "x-forwarded-for": "171.244.35.2",
    "x-forwarded-host": "detrital-nadine-cubicly.ngrok-free.dev",
    "x-forwarded-proto": "https",
    "accept-encoding": "gzip"
  },
  "body": {
    "gateway": "BIDV",
    "transactionDate": "2026-06-24 13:06:38",
    "accountNumber": "7411208853",
    "subAccount": "96247MF7XE",
    "code": null,
    "content": "BUSNET SUB 6a3b73d3d3683ddb83212269",
    "transferType": "in",
    "description": "BankAPINotify BUSNET SUB 6a3b73d3d3683ddb83212269",
    "transferAmount": 10000,
    "referenceCode": "2c0d5b9a-12af-49e2-872a-b5a3075dd127",
    "accumulated": 0,
    "id": 64803788
  },
  "query": {}
}
---NEW_REQUEST---
{
  "timestamp": "2026-06-24T07:01:55.767Z",
  "method": "POST",
  "url": "/api/sepay/webhook",
  "headers": {
    "host": "detrital-nadine-cubicly.ngrok-free.dev",
    "content-length": "303",
    "accept": "*/*",
    "authorization": "Apikey BUSNET",
    "content-type": "application/json",
    "x-forwarded-for": "2600:3c15::2000:8aff:fedd:874b",
    "x-forwarded-host": "detrital-nadine-cubicly.ngrok-free.dev",
    "x-forwarded-proto": "https",
    "accept-encoding": "gzip"
  },
  "body": {
    "id": 0,
    "gateway": "SePay",
    "transactionDate": "2026-06-24 14:01:56",
    "accountNumber": "0000000000",
    "subAccount": null,
    "transferType": "in",
    "transferAmount": 10000,
    "accumulated": 10000,
    "code": "SEPAYTEST",
    "content": "SEPAY TEST WEBHOOK",
    "referenceCode": "TEST1782284516",
    "description": "SePay test webhook delivery"
  },
  "query": {}
}
---NEW_REQUEST---
{
  "timestamp": "2026-06-24T07:12:58.715Z",
  "method": "POST",
  "url": "/api/sepay/webhook",
  "headers": {
    "host": "detrital-nadine-cubicly.ngrok-free.dev",
    "content-length": "303",
    "accept": "*/*",
    "authorization": "Apikey LA3LUSBTT5FJRCEUDWPO1ODH4TAIGMJHFQN7Q6V8OEDOHTKJAMPCPIEKVZWXPRXD",
    "content-type": "application/json",
    "x-forwarded-for": "2600:3c15::2000:8aff:fedd:874b",
    "x-forwarded-host": "detrital-nadine-cubicly.ngrok-free.dev",
    "x-forwarded-proto": "https",
    "accept-encoding": "gzip"
  },
  "body": {
    "id": 0,
    "gateway": "SePay",
    "transactionDate": "2026-06-24 14:12:59",
    "accountNumber": "0000000000",
    "subAccount": null,
    "transferType": "in",
    "transferAmount": 10000,
    "accumulated": 10000,
    "code": "SEPAYTEST",
    "content": "SEPAY TEST WEBHOOK",
    "referenceCode": "TEST1782285179",
    "description": "SePay test webhook delivery"
  },
  "query": {}
}
---NEW_REQUEST---
{
  "timestamp": "2026-06-24T07:14:13.908Z",
  "method": "POST",
  "url": "/api/sepay/webhook",
  "headers": {
    "host": "detrital-nadine-cubicly.ngrok-free.dev",
    "content-length": "303",
    "accept": "*/*",
    "authorization": "Apikey BUSNET",
    "content-type": "application/json",
    "x-forwarded-for": "171.244.35.2",
    "x-forwarded-host": "detrital-nadine-cubicly.ngrok-free.dev",
    "x-forwarded-proto": "https",
    "accept-encoding": "gzip"
  },
  "body": {
    "id": 0,
    "gateway": "SePay",
    "transactionDate": "2026-06-24 14:14:15",
    "accountNumber": "0000000000",
    "subAccount": null,
    "transferType": "in",
    "transferAmount": 10000,
    "accumulated": 10000,
    "code": "SEPAYTEST",
    "content": "SEPAY TEST WEBHOOK",
    "referenceCode": "TEST1782285255",
    "description": "SePay test webhook delivery"
  },
  "query": {}
}
---NEW_REQUEST---
{
  "timestamp": "2026-06-24T07:17:22.605Z",
  "method": "POST",
  "url": "/api/sepay/webhook",
  "headers": {
    "host": "detrital-nadine-cubicly.ngrok-free.dev",
    "content-length": "303",
    "accept": "*/*",
    "authorization": "Apikey BUSNET",
    "content-type": "application/json",
    "x-forwarded-for": "171.244.35.2",
    "x-forwarded-host": "detrital-nadine-cubicly.ngrok-free.dev",
    "x-forwarded-proto": "https",
    "accept-encoding": "gzip"
  },
  "body": {
    "id": 0,
    "gateway": "SePay",
    "transactionDate": "2026-06-24 14:17:23",
    "accountNumber": "0000000000",
    "subAccount": null,
    "transferType": "in",
    "transferAmount": 10000,
    "accumulated": 10000,
    "code": "SEPAYTEST",
    "content": "SEPAY TEST WEBHOOK",
    "referenceCode": "TEST1782285443",
    "description": "SePay test webhook delivery"
  },
  "query": {}
}
---NEW_REQUEST---
{
  "timestamp": "2026-06-24T07:27:10.188Z",
  "method": "POST",
  "url": "/api/sepay/webhook",
  "headers": {
    "host": "detrital-nadine-cubicly.ngrok-free.dev",
    "user-agent": "Mozilla/5.0 (Macintosh; Intel Mac OS X 10_15_7) AppleWebKit/537.36 (KHTML, like Gecko) Chrome/108.0.0.0 Safari/537.36",
    "content-length": "367",
    "accept": "*/*",
    "authorization": "Apikey BUSNET",
    "content-type": "application/json",
    "x-forwarded-for": "2600:3c15::2000:8aff:fedd:874b",
    "x-forwarded-host": "detrital-nadine-cubicly.ngrok-free.dev",
    "x-forwarded-proto": "https",
    "accept-encoding": "gzip"
  },
  "body": {
    "gateway": "BIDV",
    "transactionDate": "2026-06-24 14:27:10",
    "accountNumber": "7411208853",
    "subAccount": "96247MF7XE",
    "code": null,
    "content": "BUSNET SUB 6a3b86b99797629d8e4afd96",
    "transferType": "in",
    "description": "BankAPINotify BUSNET SUB 6a3b86b99797629d8e4afd96",
    "transferAmount": 10000,
    "referenceCode": "8fd9ee1e-9051-4ad5-8536-28da1d7f6638",
    "accumulated": 0,
    "id": 64812831
  },
  "query": {}
}
---NEW_REQUEST---
{
  "timestamp": "2026-06-24T07:52:00.388Z",
  "method": "POST",
  "url": "/api/sepay/webhook",
  "headers": {
    "host": "detrital-nadine-cubicly.ngrok-free.dev",
    "user-agent": "Mozilla/5.0 (Macintosh; Intel Mac OS X 10_15_7) AppleWebKit/537.36 (KHTML, like Gecko) Chrome/108.0.0.0 Safari/537.36",
    "content-length": "367",
    "accept": "*/*",
    "authorization": "Apikey BUSNET",
    "content-type": "application/json",
    "x-forwarded-for": "171.244.35.2",
    "x-forwarded-host": "detrital-nadine-cubicly.ngrok-free.dev",
    "x-forwarded-proto": "https",
    "accept-encoding": "gzip"
  },
  "body": {
    "gateway": "BIDV",
    "transactionDate": "2026-06-24 14:52:00",
    "accountNumber": "7411208853",
    "subAccount": "96247MF7XE",
    "code": null,
    "content": "BUSNET SUB 6a3b8c879797629d8e4afda3",
    "transferType": "in",
    "description": "BankAPINotify BUSNET SUB 6a3b8c879797629d8e4afda3",
    "transferAmount": 10000,
    "referenceCode": "e9b650cb-6876-4b64-a59e-82d4f64cf935",
    "accumulated": 0,
    "id": 64815849
  },
  "query": {}
}
---NEW_REQUEST---
